Microchip MPLAB XC8 Compiler V3.00

Linker command line:

-W-3 \
  --edf=C:\Program Files\Microchip\xc8\v3.00\pic\dat\20241204225717_en.msgs \
  -cn -h+dist/default/production\ECU1.3.X.production.sym \
  --cmf=dist/default/production\ECU1.3.X.production.cmf -z -Q18F4580 \
  -oC:\Users\Alvin\AppData\Local\Temp\xcAs8r8.\driver_tmp_3.o \
  --defsym=__MPLAB_BUILD=1 --fixupoverflow=error \
  -Mdist/default/production/ECU1.3.X.production.map \
  --md=C:\Users\Alvin\AppData\Local\Temp\xcAs8r8.\driver_tmp_0.dat -E1 \
  -ver=XC8 Compiler -ACODE=00h-03000h -ACONST=00h-03000h \
  -ASMALLCONST=0600h-06FFhx42,03000h-03000h -AMEDIUMCONST=0600h-03000h \
  -ACOMRAM=01h-05Fh -AABS1=00h-05FFh -ABIGRAM=01h-05FFh \
  -ARAM=060h-0FFh,0100h-01FFhx5 -ABANK0=060h-0FFh -ABANK1=0100h-01FFh \
  -ABANK2=0200h-02FFh -ABANK3=0300h-03FFh -ABANK4=0400h-04FFh \
  -ABANK5=0500h-05FFh -ASFR=0D00h-0DFFhx2,0F00h-0F5Fh,0F60h-0FFFh \
  -ABIGSFR=0D00h-0FFFh -ACONFIG=0300000h-030000Dh -AIDLOC=0200000h-0200007h \
  -AEEDATA=0F00000h-0F000FFh -peeprom_data=EEDATA \
  -preset_vec=00h,intcode=8h,intcodelo=18h,sivt_lo,sivt_hi=CODE \
  -ppowerup=CODE,init -pramtop=0600h -psmallconst=SMALLCONST \
  -pmediumconst=MEDIUMCONST -pconst=CONST -AFARRAM=00h-00h \
  -prdata=COMRAM,nvrram=COMRAM,nvbit=COMRAM,rbss=COMRAM,rbit=COMRAM \
  -pfarbss=FARRAM,fardata=FARRAM,nvFARRAM=FARRAM \
  -pintsave_regs=BIGRAM,bigbss=BIGRAM,bigdata=BIGRAM -pbss=RAM \
  -pidata=CODE,irdata=CODE,ibigdata=CODE,ifardata=CODE -prparam=COMRAM \
  C:\Users\Alvin\AppData\Local\Temp\xcAs8r8.\driver_tmp_9.o \
  dist/default/production\ECU1.3.X.production.o 

Object code version is 3.11

Machine type is 18F4580



                Name                               Link     Load   Length Selector   Space Scale
C:\Users\Alvin\AppData\Local\Temp\xcAs8r8.\driver_tmp_9.o
                idloc                            200000   200000        8        0       5
                config                           300000   300000        E        0       4
                init                               2FFC     2FFC        4     17FE       0
                reset_vec                             0        0        4        0       0
dist/default/production\ECU1.3.X.production.o
                idloc                            200000   200000        8        0       5
                config                           300000   300000        E        0       4
                smallconst                          600      600        2      300       0
                text16                             13CA     13CA       3C      301       0
                text15                             11F0     11F0       70      301       0
                text14                             1336     1336       4E      301       0
                text13                             12CE     12CE       68      301       0
                text12                             1146     1146       AA      301       0
                text11                             146A     146A       1C      301       0
                text10                             1406     1406       3A      301       0
                text9                              14A2     14A2        8      301       0
                text8                              1494     1494        E      301       0
                text7                               A28      A28      390      301       0
                text6                               F6C      F6C      106      301       0
                text5                               DB8      DB8      1B4      301       0
                text4                              1384     1384       46      301       0
                text3                              1260     1260       6E      301       0
                text2                               602      602      426      301       0
                text1                              1072     1072       D4      301       0
                text0                              1440     1440       2A      301       0
                cstackCOMRAM                          1        1       59        1       1
                bssCOMRAM                            5A       5A        4        1       1
                cinit                              1486     1486        E      301       0

TOTAL           Name                               Link     Load   Length     Space
        CLASS   CODE           
                init                               2FFC     2FFC        4         0
                reset_vec                             0        0        4         0
                text16                             13CA     13CA       3C         0
                text15                             11F0     11F0       70         0
                text14                             1336     1336       4E         0
                text13                             12CE     12CE       68         0
                text12                             1146     1146       AA         0
                text11                             146A     146A       1C         0
                text10                             1406     1406       3A         0
                text9                              14A2     14A2        8         0
                text8                              1494     1494        E         0
                text7                               A28      A28      390         0
                text6                               F6C      F6C      106         0
                text5                               DB8      DB8      1B4         0
                text4                              1384     1384       46         0
                text3                              1260     1260       6E         0
                text2                               602      602      426         0
                text1                              1072     1072       D4         0
                text0                              1440     1440       2A         0
                cinit                              1486     1486        E         0

        CLASS   CONST          

        CLASS   SMALLCONST     
                smallconst                          600      600        2         0

        CLASS   MEDIUMCONST    

        CLASS   COMRAM         
                cstackCOMRAM                          1        1       59         1
                bssCOMRAM                            5A       5A        4         1

        CLASS   ABS1           

        CLASS   BIGRAM         

        CLASS   RAM            

        CLASS   BANK0          

        CLASS   BANK1          

        CLASS   BANK2          

        CLASS   BANK3          

        CLASS   BANK4          

        CLASS   BANK5          

        CLASS   SFR            

        CLASS   BIGSFR         

        CLASS   CONFIG         
                config                           300000   300000        E         4

        CLASS   IDLOC          
                idloc                            200000   200000        8         5

        CLASS   EEDATA         

        CLASS   FARRAM         

        CLASS   HEAP           

        CLASS   STACK          



SEGMENTS        Name                           Load    Length   Top    Selector   Space  Class

                reset_vec                      000000  000004  000004         0       0  CODE    
                cstackCOMRAM                   000001  00005D  00005E         1       1  COMRAM  
                smallconst                     000600  000002  000602       300       0  SMALLCON
                text2                          000602  000EA8  0014AA       301       0  CODE    
                init                           002FFC  000004  003000      17FE       0  CODE    


UNUSED ADDRESS RANGES

        Name                Unused          Largest block    Delta
        BANK0            000060-0000FF               A0
        BANK1            000100-0001FF              100
        BANK2            000200-0002FF              100
        BANK3            000300-0003FF              100
        BANK4            000400-0004FF              100
        BANK5            000500-0005FF              100
        BIGRAM           00005E-0005FF              5A2
        BIGSFR           000D00-000FFF              300
        CODE             000004-0005FF              5FC
                         0014AA-002FFB             1B52
                         003000-003000                1
        COMRAM           00005E-00005F                2
        CONST            000004-0005FF              5FC
                         0014AA-002FFB             1B52
                         003000-003000                1
        EEDATA           F00000-F000FF              100
        MEDIUMCONST      0014AA-002FFB             1B52
                         003000-003000                1
        RAM              000060-0005FF              100
        SFR              000D00-000FFF              100
        SMALLCONST       0014AA-002FFB              100
                         003000-003000                1

                                  Symbol Table

?___fldiv                    cstackCOMRAM 00002F
?___flmul                    cstackCOMRAM 000016
?___fltol                    cstackCOMRAM 000048
?___xxtofl                   cstackCOMRAM 000008
?_read_adc                   cstackCOMRAM 000001
_ACQT0                       (abs)        007E03
_ACQT1                       (abs)        007E04
_ACQT2                       (abs)        007E05
_ADCON0                      (abs)        000FC2
_ADCS0                       (abs)        007E00
_ADCS1                       (abs)        007E01
_ADCS2                       (abs)        007E02
_ADFM                        (abs)        007E07
_ADON                        (abs)        007E10
_ADRESH                      (abs)        000FC4
_ADRESL                      (abs)        000FC3
_BRGCON1                     (abs)        000F70
_BRGCON2                     (abs)        000F71
_BRGCON3                     (abs)        000F72
_CANCON                      (abs)        000F6F
_CANSTAT                     (abs)        000F6E
_ECANCON                     (abs)        000F77
_GO                          (abs)        007E11
_GODONE                      (abs)        007E11
_PORTC                       (abs)        000F82
_RXB0CON                     (abs)        000F60
_RXB0SIDH                    (abs)        000F61
_RXB0SIDL                    (abs)        000F62
_RXFCON0                     (abs)        000DD4
_TRISB2                      (abs)        007C9A
_TRISB3                      (abs)        007C9B
_TRISC                       (abs)        000F94
_TXB0D0                      (abs)        000F46
_TXB0DLC                     (abs)        000F45
_TXB0EIDH                    (abs)        000F43
_TXB0EIDL                    (abs)        000F44
_TXB0REQ                     (abs)        007A03
_TXB0SIDH                    (abs)        000F41
_TXB0SIDL                    (abs)        000F42
_VCFG0                       (abs)        007E0C
_VCFG1                       (abs)        007E0D
__HRAM                       (abs)        000000
__H__absolute__              __absolute__ 000000
__Habs1                      abs1         000000
__Hbank0                     bank0        000000
__Hbank1                     bank1        000000
__Hbank2                     bank2        000000
__Hbank3                     bank3        000000
__Hbank4                     bank4        000000
__Hbank5                     bank5        000000
__Hbigbss                    bigbss       000000
__Hbigdata                   bigdata      000000
__Hbigram                    bigram       000000
__Hbigsfr                    bigsfr       000000
__Hbss                       bss          000000
__HbssCOMRAM                 bssCOMRAM    000000
__Hcinit                     cinit        000000
__Hclrtext                   clrtext      000000
__Hcomram                    comram       000000
__Hconfig                    config       30000E
__Hconst                     const        000000
__HcstackCOMRAM              cstackCOMRAM 000000
__Hdata                      data         000000
__Heeprom_data               eeprom_data  000000
__Hfarbss                    farbss       000000
__Hfardata                   fardata      000000
__Hheap                      heap         000000
__Hibigdata                  ibigdata     000000
__Hidata                     idata        000000
__Hidloc                     idloc        200008
__Hifardata                  ifardata     000000
__Hinit                      init         003000
__Hintcode                   intcode      000008
__Hintcode_body              intcode_body 000000
__Hintcodelo                 intcodelo    000018
__Hintentry                  intentry     000000
__Hintret                    intret       000000
__Hintsave_regs              intsave_regs 000000
__Hirdata                    irdata       000000
__Hmediumconst               mediumconst  000000
__HnvFARRAM                  nvFARRAM     000000
__Hnvbit                     nvbit        000000
__Hnvrram                    nvrram       000000
__Hparam                     rparam       000000
__Hpowerup                   powerup      000000
__Hram                       ram          000000
__Hramtop                    ramtop       000600
__Hrbit                      rbit         000000
__Hrbss                      rbss         000000
__Hrdata                     rdata        000000
__Hreset_vec                 reset_vec    000004
__Hrparam                    rparam       000000
__Hsfr                       sfr          000000
__Hsivt_hi                   sivt_hi      000000
__Hsivt_lo                   sivt_lo      000018
__Hsmallconst                smallconst   000602
__Hspace_0                   (abs)        003000
__Hspace_1                   (abs)        00005E
__Hspace_2                   (abs)        000000
__Hspace_4                   (abs)        60000E
__Hstack                     stack        000000
__Hstruct                    struct       000000
__Htemp                      temp         000000
__Htext                      text         000000
__Htext0                     text0        000000
__Htext1                     text1        000000
__Htext10                    text10       000000
__Htext11                    text11       000000
__Htext12                    text12       000000
__Htext13                    text13       000000
__Htext14                    text14       000000
__Htext15                    text15       000000
__Htext16                    text16       000000
__Htext2                     text2        000000
__Htext3                     text3        000000
__Htext4                     text4        000000
__Htext5                     text5        000000
__Htext6                     text6        000000
__Htext7                     text7        000000
__Htext8                     text8        000000
__Htext9                     text9        000000
__LRAM                       (abs)        000001
__L__absolute__              __absolute__ 000000
__Labs1                      abs1         000000
__Lbank0                     bank0        000000
__Lbank1                     bank1        000000
__Lbank2                     bank2        000000
__Lbank3                     bank3        000000
__Lbank4                     bank4        000000
__Lbank5                     bank5        000000
__Lbigbss                    bigbss       000000
__Lbigdata                   bigdata      000000
__Lbigram                    bigram       000000
__Lbigsfr                    bigsfr       000000
__Lbss                       bss          000000
__LbssCOMRAM                 bssCOMRAM    000000
__Lcinit                     cinit        000000
__Lclrtext                   clrtext      000000
__Lcomram                    comram       000000
__Lconfig                    config       000000
__Lconst                     const        000000
__LcstackCOMRAM              cstackCOMRAM 000000
__Ldata                      data         000000
__Leeprom_data               eeprom_data  000000
__Lfarbss                    farbss       000000
__Lfardata                   fardata      000000
__Lheap                      heap         000000
__Libigdata                  ibigdata     000000
__Lidata                     idata        000000
__Lidloc                     idloc        000000
__Lifardata                  ifardata     000000
__Linit                      init         002FFC
__Lintcode                   intcode      000008
__Lintcode_body              intcode_body 000000
__Lintcodelo                 intcodelo    000018
__Lintentry                  intentry     000000
__Lintret                    intret       000000
__Lintsave_regs              intsave_regs 000000
__Lirdata                    irdata       000000
__Lmediumconst               mediumconst  000000
__LnvFARRAM                  nvFARRAM     000000
__Lnvbit                     nvbit        000000
__Lnvrram                    nvrram       000000
__Lparam                     rparam       000000
__Lpowerup                   powerup      000000
__Lram                       ram          000000
__Lramtop                    ramtop       000600
__Lrbit                      rbit         000000
__Lrbss                      rbss         000000
__Lrdata                     rdata        000000
__Lreset_vec                 reset_vec    000000
__Lrparam                    rparam       000000
__Lsfr                       sfr          000000
__Lsivt_hi                   sivt_hi      000000
__Lsivt_lo                   sivt_lo      000018
__Lsmallconst                smallconst   000600
__Lspace_0                   (abs)        000000
__Lspace_1                   (abs)        000000
__Lspace_2                   (abs)        000000
__Lspace_4                   (abs)        000000
__Lstack                     stack        000000
__Lstruct                    struct       000000
__Ltemp                      temp         000000
__Ltext                      text         000000
__Ltext0                     text0        000000
__Ltext1                     text1        000000
__Ltext10                    text10       000000
__Ltext11                    text11       000000
__Ltext12                    text12       000000
__Ltext13                    text13       000000
__Ltext14                    text14       000000
__Ltext15                    text15       000000
__Ltext16                    text16       000000
__Ltext2                     text2        000000
__Ltext3                     text3        000000
__Ltext4                     text4        000000
__Ltext5                     text5        000000
__Ltext6                     text6        000000
__Ltext7                     text7        000000
__Ltext8                     text8        000000
__Ltext9                     text9        000000
__S0                         (abs)        003000
__S1                         (abs)        00005E
__S4                         (abs)        000000
__S5                         (abs)        000000
___fldiv                     text7        000A28
___fldiv@a                   cstackCOMRAM 000033
___fldiv@aexp                cstackCOMRAM 000047
___fldiv@b                   cstackCOMRAM 00002F
___fldiv@bexp                cstackCOMRAM 000046
___fldiv@grs                 cstackCOMRAM 000042
___fldiv@new_exp             cstackCOMRAM 000040
___fldiv@rem                 cstackCOMRAM 00003B
___fldiv@sign                cstackCOMRAM 00003F
___flmul                     text2        000602
___flmul@a                   cstackCOMRAM 00001A
___flmul@aexp                cstackCOMRAM 000027
___flmul@b                   cstackCOMRAM 000016
___flmul@bexp                cstackCOMRAM 000028
___flmul@grs                 cstackCOMRAM 000023
___flmul@prod                cstackCOMRAM 000029
___flmul@sign                cstackCOMRAM 000022
___flmul@temp                cstackCOMRAM 00002D
___fltol                     text6        000F6C
___fltol@exp1                cstackCOMRAM 000051
___fltol@f1                  cstackCOMRAM 000048
___fltol@sign1               cstackCOMRAM 000050
___heap_hi                   (abs)        000000
___heap_lo                   (abs)        000000
___inthi_sp                  stack        000000
___inthi_stack_hi            stack        000000
___inthi_stack_lo            stack        000000
___intlo_sp                  stack        000000
___intlo_stack_hi            stack        000000
___intlo_stack_lo            stack        000000
___param_bank                (abs)        000000
___rparam_used               (abs)        000001
___sp                        stack        000000
___stack_hi                  stack        000000
___stack_lo                  stack        000000
___xxtofl                    text5        000DB8
___xxtofl@arg                cstackCOMRAM 000012
___xxtofl@exp                cstackCOMRAM 000011
___xxtofl@sign               cstackCOMRAM 000010
___xxtofl@val                cstackCOMRAM 000008
__accesstop                  (abs)        000060
__activetblptr               (abs)        000000
__end_of___fldiv             text7        000DB8
__end_of___flmul             text2        000A28
__end_of___fltol             text6        001072
__end_of___xxtofl            text5        000F6C
__end_of__initialization     cinit        00148E
__end_of_can_transmit        text15       001260
__end_of_gearshift           text12       0011F0
__end_of_init_adc            text11       001486
__end_of_init_can            text10       001440
__end_of_init_config         text8        0014A2
__end_of_init_digital_keypad text9        0014AA
__end_of_main                text0        00146A
__end_of_normalize_gear_pos  text14       001384
__end_of_read_adc            text4        0013CA
__end_of_read_switch         text13       001336
__end_of_set_msg_id_std      text16       001406
__end_of_speed               text3        0012CE
__end_of_temp                text1        001146
__initialization             cinit        001486
__mediumconst                smallconst   000600
__pbssCOMRAM                 bssCOMRAM    00005A
__pcinit                     cinit        001486
__pcstackCOMRAM              cstackCOMRAM 000001
__psmallconst                smallconst   000600
__ptext0                     text0        001440
__ptext1                     text1        001072
__ptext10                    text10       001406
__ptext11                    text11       00146A
__ptext12                    text12       001146
__ptext13                    text13       0012CE
__ptext14                    text14       001336
__ptext15                    text15       0011F0
__ptext16                    text16       0013CA
__ptext2                     text2        000602
__ptext3                     text3        001260
__ptext4                     text4        001384
__ptext5                     text5        000DB8
__ptext6                     text6        000F6C
__ptext7                     text7        000A28
__ptext8                     text8        001494
__ptext9                     text9        0014A2
__ramtop                     ramtop       000600
__smallconst                 smallconst   000600
_can_transmit                text15       0011F0
_gearshift                   text12       001146
_init_adc                    text11       00146A
_init_can                    text10       001406
_init_config                 text8        001494
_init_digital_keypad         text9        0014A2
_main                        text0        001440
_normalize_gear_pos          text14       001336
_read_adc                    text4        001384
_read_switch                 text13       0012CE
_set_msg_id_std              text16       0013CA
_speed                       text3        001260
_temp                        text1        001072
can_transmit@data            cstackCOMRAM 000007
can_transmit@i               cstackCOMRAM 00000E
can_transmit@len             cstackCOMRAM 000008
can_transmit@msg_id          cstackCOMRAM 000005
can_transmit@ptr             cstackCOMRAM 00000C
end_of_initialization        cinit        00148E
gearshift@gear               cstackCOMRAM 000010
gearshift@i                  bssCOMRAM    00005C
gearshift@key                cstackCOMRAM 000011
intlevel0                    text         000000
intlevel1                    text         000000
intlevel2                    text         000000
intlevel3                    text         000000
isa$std                      (abs)        000001
isa$xinst                    (abs)        000000
normalize_gear_pos@gear_pos  cstackCOMRAM 000001
read_adc@channel             cstackCOMRAM 000007
read_adc@reg_val             cstackCOMRAM 000005
read_switch@detection        cstackCOMRAM 000001
read_switch@flag             bssCOMRAM    00005A
set_msg_id_std@id            cstackCOMRAM 000001
speed@speed                  cstackCOMRAM 000052
stackhi                      (abs)        000000
stacklo                      (abs)        000000
start                        init         002FFC
start_initialization         cinit        001486
temp@digit                   cstackCOMRAM 000056
temp@temperature             cstackCOMRAM 000058
temp@volts                   cstackCOMRAM 000052


MODULE INFORMATION

Module		Function		Class		Link	Load	Size
function.c
		_read_switch   		CODE           	12CE	0000	104
		_gearshift     		CODE           	1146	0000	170
		_normalize_gear_pos		CODE           	1336	0000	78
		_temp          		CODE           	1072	0000	212
		_init_digital_keypad		CODE           	14A2	0000	8
		_speed         		CODE           	1260	0000	110

function.c estimated size: 682

adc.c
		_init_adc      		CODE           	146A	0000	28
		_read_adc      		CODE           	1384	0000	70

adc.c estimated size: 98

C:\Program Files\Microchip\xc8\v3.00\pic\sources\c99\common\sprcmul.c
		___flmul       		CODE           	0602	0000	1062

C:\Program Files\Microchip\xc8\v3.00\pic\sources\c99\common\sprcmul.c estimated size: 1062

C:\Program Files\Microchip\xc8\v3.00\pic\sources\c99\common\sprcdiv.c
		___fldiv       		CODE           	0A28	0000	912

C:\Program Files\Microchip\xc8\v3.00\pic\sources\c99\common\sprcdiv.c estimated size: 912

shared
		__initialization		CODE           	1486	0000	8

shared estimated size: 8

C:\Program Files\Microchip\xc8\v3.00\pic\sources\c99\common\xxtofl.c
		___xxtofl      		CODE           	0DB8	0000	436

C:\Program Files\Microchip\xc8\v3.00\pic\sources\c99\common\xxtofl.c estimated size: 436

can.c
		_set_msg_id_std		CODE           	13CA	0000	60
		_can_transmit  		CODE           	11F0	0000	112
		_init_can      		CODE           	1406	0000	58

can.c estimated size: 230

C:\Program Files\Microchip\xc8\v3.00\pic\sources\c99\common\fltol.c
		___fltol       		CODE           	0F6C	0000	262

C:\Program Files\Microchip\xc8\v3.00\pic\sources\c99\common\fltol.c estimated size: 262

main.c
		_main          		CODE           	1440	0000	42
		_init_config   		CODE           	1494	0000	14

main.c estimated size: 56

