Microchip MPLAB XC8 Compiler V3.00

Linker command line:

-W-3 \
  --edf=C:\Program Files\Microchip\xc8\v3.00\pic\dat\20241204225717_en.msgs \
  -cn -h+dist/default/production\ECU2.3.X.production.sym \
  --cmf=dist/default/production\ECU2.3.X.production.cmf -z -Q18F4580 \
  -oC:\Users\Alvin\AppData\Local\Temp\xcAsojk.\driver_tmp_3.o \
  --defsym=__MPLAB_BUILD=1 --fixupoverflow=error \
  -Mdist/default/production/ECU2.3.X.production.map \
  --md=C:\Users\Alvin\AppData\Local\Temp\xcAsojk.\driver_tmp_0.dat -E1 \
  -ver=XC8 Compiler -ACODE=00h-03000h -ACONST=00h-03000h \
  -ASMALLCONST=0600h-06FFhx42,03000h-03000h -AMEDIUMCONST=0600h-03000h \
  -ACOMRAM=01h-05Fh -AABS1=00h-05FFh -ABIGRAM=01h-05FFh \
  -ARAM=060h-0FFh,0100h-01FFhx5 -ABANK0=060h-0FFh -ABANK1=0100h-01FFh \
  -ABANK2=0200h-02FFh -ABANK3=0300h-03FFh -ABANK4=0400h-04FFh \
  -ABANK5=0500h-05FFh -ASFR=0D00h-0DFFhx2,0F00h-0F5Fh,0F60h-0FFFh \
  -ABIGSFR=0D00h-0FFFh -ACONFIG=0300000h-030000Dh -AIDLOC=0200000h-0200007h \
  -AEEDATA=0F00000h-0F000FFh -peeprom_data=EEDATA \
  -preset_vec=00h,intcode=8h,intcodelo=18h,sivt_lo,sivt_hi=CODE \
  -ppowerup=CODE,init -pramtop=0600h -psmallconst=SMALLCONST \
  -pmediumconst=MEDIUMCONST -pconst=CONST -AFARRAM=00h-00h \
  -prdata=COMRAM,nvrram=COMRAM,nvbit=COMRAM,rbss=COMRAM,rbit=COMRAM \
  -pfarbss=FARRAM,fardata=FARRAM,nvFARRAM=FARRAM \
  -pintsave_regs=BIGRAM,bigbss=BIGRAM,bigdata=BIGRAM -pbss=RAM \
  -pidata=CODE,irdata=CODE,ibigdata=CODE,ifardata=CODE -prparam=COMRAM \
  C:\Users\Alvin\AppData\Local\Temp\xcAsojk.\driver_tmp_9.o \
  dist/default/production\ECU2.3.X.production.o 

Object code version is 3.11

Machine type is 18F4580



                Name                               Link     Load   Length Selector   Space Scale
C:\Users\Alvin\AppData\Local\Temp\xcAsojk.\driver_tmp_9.o
                idloc                            200000   200000        8        0       5
                config                           300000   300000        E        0       4
                init                                  E        E        4        4       0
                reset_vec                             0        0        4        0       0
dist/default/production\ECU2.3.X.production.o
                intcode                               8        8        6        4       0
                idloc                            200000   200000        8        0       5
                config                           300000   300000        E        0       4
                temp                                 44       44        1        1       1
                smallconst                          600      600        2      300       0
                intcode_body                        EF6      EF6       4A      301       0
                text15                              F86      F86       3C      301       0
                text14                              DB4      DB4       70      301       0
                text13                              E8E      E8E       68      301       0
                text12                              B46      B46      168      301       0
                text11                             1044     1044       1C      301       0
                text10                              FC2      FC2       3A      301       0
                text9                              1098     1098        8      301       0
                text8                              108C     108C        C      301       0
                text7                              1020     1020       24      301       0
                text6                              1076     1076       16      301       0
                text5                               602      602      390      301       0
                text4                               CAE      CAE      106      301       0
                text3                               992      992      1B4      301       0
                text2                               F40      F40       46      301       0
                text1                               E24      E24       6A      301       0
                text0                               FFC      FFC       24      301       0
                cstackCOMRAM                          1        1       39        1       1
                bssCOMRAM                            3A       3A        A        1       1
                cinit                              1060     1060       16      301       0

TOTAL           Name                               Link     Load   Length     Space
        CLASS   CODE           
                intcode                               8        8        6         0
                init                                  E        E        4         0
                reset_vec                             0        0        4         0
                intcode_body                        EF6      EF6       4A         0
                text15                              F86      F86       3C         0
                text14                              DB4      DB4       70         0
                text13                              E8E      E8E       68         0
                text12                              B46      B46      168         0
                text11                             1044     1044       1C         0
                text10                              FC2      FC2       3A         0
                text9                              1098     1098        8         0
                text8                              108C     108C        C         0
                text7                              1020     1020       24         0
                text6                              1076     1076       16         0
                text5                               602      602      390         0
                text4                               CAE      CAE      106         0
                text3                               992      992      1B4         0
                text2                               F40      F40       46         0
                text1                               E24      E24       6A         0
                text0                               FFC      FFC       24         0
                cinit                              1060     1060       16         0

        CLASS   CONST          

        CLASS   SMALLCONST     
                smallconst                          600      600        2         0

        CLASS   MEDIUMCONST    

        CLASS   COMRAM         
                temp                                 44       44        1         1
                cstackCOMRAM                          1        1       39         1
                bssCOMRAM                            3A       3A        A         1

        CLASS   ABS1           

        CLASS   BIGRAM         

        CLASS   RAM            

        CLASS   BANK0          

        CLASS   BANK1          

        CLASS   BANK2          

        CLASS   BANK3          

        CLASS   BANK4          

        CLASS   BANK5          

        CLASS   SFR            

        CLASS   BIGSFR         

        CLASS   CONFIG         
                config                           300000   300000        E         4

        CLASS   IDLOC          
                idloc                            200000   200000        8         5

        CLASS   EEDATA         

        CLASS   FARRAM         

        CLASS   HEAP           

        CLASS   STACK          



SEGMENTS        Name                           Load    Length   Top    Selector   Space  Class

                reset_vec                      000000  000004  000004         0       0  CODE    
                cstackCOMRAM                   000001  000044  000045         1       1  COMRAM  
                intcode                        000008  00000A  000012         4       0  CODE    
                smallconst                     000600  000002  000602       300       0  SMALLCON
                text5                          000602  000A9E  0010A0       301       0  CODE    


UNUSED ADDRESS RANGES

        Name                Unused          Largest block    Delta
        BANK0            000060-0000FF               A0
        BANK1            000100-0001FF              100
        BANK2            000200-0002FF              100
        BANK3            000300-0003FF              100
        BANK4            000400-0004FF              100
        BANK5            000500-0005FF              100
        BIGRAM           000045-0005FF              5BB
        BIGSFR           000D00-000FFF              300
        CODE             000004-000007                4
                         000012-0005FF              5EE
                         0010A0-003000             1F61
        COMRAM           000045-00005F               1B
        CONST            000004-000007                4
                         000012-0005FF              5EE
                         0010A0-003000             1F61
        EEDATA           F00000-F000FF              100
        MEDIUMCONST      0010A0-003000             1F61
        RAM              000060-0005FF              100
        SFR              000D00-000FFF              100
        SMALLCONST       0010A0-003000              100

                                  Symbol Table

?___fldiv                    cstackCOMRAM 000016
?___fltol                    cstackCOMRAM 00002F
?___xxtofl                   cstackCOMRAM 000008
?_read_adc                   cstackCOMRAM 000001
_ACQT0                       (abs)        007E03
_ACQT1                       (abs)        007E04
_ACQT2                       (abs)        007E05
_ADCON0                      (abs)        000FC2
_ADCS0                       (abs)        007E00
_ADCS1                       (abs)        007E01
_ADCS2                       (abs)        007E02
_ADFM                        (abs)        007E07
_ADON                        (abs)        007E10
_ADRESH                      (abs)        000FC4
_ADRESL                      (abs)        000FC3
_BRGCON1                     (abs)        000F70
_BRGCON2                     (abs)        000F71
_BRGCON3                     (abs)        000F72
_CANCON                      (abs)        000F6F
_CANSTAT                     (abs)        000F6E
_ECANCON                     (abs)        000F77
_GIE                         (abs)        007F97
_GO                          (abs)        007E11
_GODONE                      (abs)        007E11
_PEIE                        (abs)        007F96
_PORTB                       (abs)        000F81
_PORTC                       (abs)        000F82
_PSA                         (abs)        007EAB
_RB0                         (abs)        007C08
_RB1                         (abs)        007C09
_RB6                         (abs)        007C0E
_RB7                         (abs)        007C0F
_RXB0CON                     (abs)        000F60
_RXB0SIDH                    (abs)        000F61
_RXB0SIDL                    (abs)        000F62
_RXFCON0                     (abs)        000DD4
_T08BIT                      (abs)        007EAE
_T0CS                        (abs)        007EAD
_TMR0                        (abs)        000FD6
_TMR0IE                      (abs)        007F95
_TMR0IF                      (abs)        007F92
_TMR0ON                      (abs)        007EAF
_TRISB0                      (abs)        007C98
_TRISB1                      (abs)        007C99
_TRISB2                      (abs)        007C9A
_TRISB3                      (abs)        007C9B
_TRISB6                      (abs)        007C9E
_TRISB7                      (abs)        007C9F
_TRISC                       (abs)        000F94
_TXB0D0                      (abs)        000F46
_TXB0DLC                     (abs)        000F45
_TXB0EIDH                    (abs)        000F43
_TXB0EIDL                    (abs)        000F44
_TXB0REQ                     (abs)        007A03
_TXB0SIDH                    (abs)        000F41
_TXB0SIDL                    (abs)        000F42
_VCFG0                       (abs)        007E0C
_VCFG1                       (abs)        007E0D
__HRAM                       (abs)        000000
__H__absolute__              __absolute__ 000000
__Habs1                      abs1         000000
__Hbank0                     bank0        000000
__Hbank1                     bank1        000000
__Hbank2                     bank2        000000
__Hbank3                     bank3        000000
__Hbank4                     bank4        000000
__Hbank5                     bank5        000000
__Hbigbss                    bigbss       000000
__Hbigdata                   bigdata      000000
__Hbigram                    bigram       000000
__Hbigsfr                    bigsfr       000000
__Hbss                       bss          000000
__HbssCOMRAM                 bssCOMRAM    000000
__Hcinit                     cinit        000000
__Hclrtext                   clrtext      000000
__Hcomram                    comram       000000
__Hconfig                    config       30000E
__Hconst                     const        000000
__HcstackCOMRAM              cstackCOMRAM 000000
__Hdata                      data         000000
__Heeprom_data               eeprom_data  000000
__Hfarbss                    farbss       000000
__Hfardata                   fardata      000000
__Hheap                      heap         000000
__Hibigdata                  ibigdata     000000
__Hidata                     idata        000000
__Hidloc                     idloc        200008
__Hifardata                  ifardata     000000
__Hinit                      init         000012
__Hintcode                   intcode      00000E
__Hintcode_body              intcode_body 000000
__Hintcodelo                 intcodelo    000018
__Hintentry                  intentry     000000
__Hintret                    intret       000000
__Hintsave_regs              intsave_regs 000000
__Hirdata                    irdata       000000
__Hmediumconst               mediumconst  000000
__HnvFARRAM                  nvFARRAM     000000
__Hnvbit                     nvbit        000000
__Hnvrram                    nvrram       000000
__Hparam                     rparam       000000
__Hpowerup                   powerup      000000
__Hram                       ram          000000
__Hramtop                    ramtop       000600
__Hrbit                      rbit         000000
__Hrbss                      rbss         000000
__Hrdata                     rdata        000000
__Hreset_vec                 reset_vec    000004
__Hrparam                    rparam       000000
__Hsfr                       sfr          000000
__Hsivt_hi                   sivt_hi      000000
__Hsivt_lo                   sivt_lo      000018
__Hsmallconst                smallconst   000602
__Hspace_0                   (abs)        0010A0
__Hspace_1                   (abs)        000045
__Hspace_2                   (abs)        000000
__Hspace_4                   (abs)        60000E
__Hstack                     stack        000000
__Hstruct                    struct       000000
__Htemp                      temp         000045
__Htext                      text         000000
__Htext0                     text0        000000
__Htext1                     text1        000000
__Htext10                    text10       000000
__Htext11                    text11       000000
__Htext12                    text12       000000
__Htext13                    text13       000000
__Htext14                    text14       000000
__Htext15                    text15       000000
__Htext2                     text2        000000
__Htext3                     text3        000000
__Htext4                     text4        000000
__Htext5                     text5        000000
__Htext6                     text6        000000
__Htext7                     text7        000000
__Htext8                     text8        000000
__Htext9                     text9        000000
__LRAM                       (abs)        000001
__L__absolute__              __absolute__ 000000
__Labs1                      abs1         000000
__Lbank0                     bank0        000000
__Lbank1                     bank1        000000
__Lbank2                     bank2        000000
__Lbank3                     bank3        000000
__Lbank4                     bank4        000000
__Lbank5                     bank5        000000
__Lbigbss                    bigbss       000000
__Lbigdata                   bigdata      000000
__Lbigram                    bigram       000000
__Lbigsfr                    bigsfr       000000
__Lbss                       bss          000000
__LbssCOMRAM                 bssCOMRAM    000000
__Lcinit                     cinit        000000
__Lclrtext                   clrtext      000000
__Lcomram                    comram       000000
__Lconfig                    config       000000
__Lconst                     const        000000
__LcstackCOMRAM              cstackCOMRAM 000000
__Ldata                      data         000000
__Leeprom_data               eeprom_data  000000
__Lfarbss                    farbss       000000
__Lfardata                   fardata      000000
__Lheap                      heap         000000
__Libigdata                  ibigdata     000000
__Lidata                     idata        000000
__Lidloc                     idloc        000000
__Lifardata                  ifardata     000000
__Linit                      init         00000E
__Lintcode                   intcode      000008
__Lintcode_body              intcode_body 000000
__Lintcodelo                 intcodelo    000018
__Lintentry                  intentry     000000
__Lintret                    intret       000000
__Lintsave_regs              intsave_regs 000000
__Lirdata                    irdata       000000
__Lmediumconst               mediumconst  000000
__LnvFARRAM                  nvFARRAM     000000
__Lnvbit                     nvbit        000000
__Lnvrram                    nvrram       000000
__Lparam                     rparam       000000
__Lpowerup                   powerup      000000
__Lram                       ram          000000
__Lramtop                    ramtop       000600
__Lrbit                      rbit         000000
__Lrbss                      rbss         000000
__Lrdata                     rdata        000000
__Lreset_vec                 reset_vec    000000
__Lrparam                    rparam       000000
__Lsfr                       sfr          000000
__Lsivt_hi                   sivt_hi      000000
__Lsivt_lo                   sivt_lo      000018
__Lsmallconst                smallconst   000600
__Lspace_0                   (abs)        000000
__Lspace_1                   (abs)        000000
__Lspace_2                   (abs)        000000
__Lspace_4                   (abs)        000000
__Lstack                     stack        000000
__Lstruct                    struct       000000
__Ltemp                      temp         000044
__Ltext                      text         000000
__Ltext0                     text0        000000
__Ltext1                     text1        000000
__Ltext10                    text10       000000
__Ltext11                    text11       000000
__Ltext12                    text12       000000
__Ltext13                    text13       000000
__Ltext14                    text14       000000
__Ltext15                    text15       000000
__Ltext2                     text2        000000
__Ltext3                     text3        000000
__Ltext4                     text4        000000
__Ltext5                     text5        000000
__Ltext6                     text6        000000
__Ltext7                     text7        000000
__Ltext8                     text8        000000
__Ltext9                     text9        000000
__S0                         (abs)        0010A0
__S1                         (abs)        000045
__S4                         (abs)        000000
__S5                         (abs)        000000
___fldiv                     text5        000602
___fldiv@a                   cstackCOMRAM 00001A
___fldiv@aexp                cstackCOMRAM 00002E
___fldiv@b                   cstackCOMRAM 000016
___fldiv@bexp                cstackCOMRAM 00002D
___fldiv@grs                 cstackCOMRAM 000029
___fldiv@new_exp             cstackCOMRAM 000027
___fldiv@rem                 cstackCOMRAM 000022
___fldiv@sign                cstackCOMRAM 000026
___fltol                     text4        000CAE
___fltol@exp1                cstackCOMRAM 000038
___fltol@f1                  cstackCOMRAM 00002F
___fltol@sign1               cstackCOMRAM 000037
___heap_hi                   (abs)        000000
___heap_lo                   (abs)        000000
___inthi_sp                  stack        000000
___inthi_stack_hi            stack        000000
___inthi_stack_lo            stack        000000
___intlo_sp                  stack        000000
___intlo_stack_hi            stack        000000
___intlo_stack_lo            stack        000000
___param_bank                (abs)        000000
___rparam_used               (abs)        000001
___sp                        stack        000000
___stack_hi                  stack        000000
___stack_lo                  stack        000000
___xxtofl                    text3        000992
___xxtofl@arg                cstackCOMRAM 000012
___xxtofl@exp                cstackCOMRAM 000011
___xxtofl@sign               cstackCOMRAM 000010
___xxtofl@val                cstackCOMRAM 000008
__accesstop                  (abs)        000060
__activetblptr               (abs)        000000
__end_of___fldiv             text5        000992
__end_of___fltol             text4        000DB4
__end_of___xxtofl            text3        000B46
__end_of__initialization     cinit        00106C
__end_of_can_transmit        text14       000E24
__end_of_indicator           text12       000CAE
__end_of_init_adc            text11       001060
__end_of_init_can            text10       000FFC
__end_of_init_digital_keypad text9        0010A0
__end_of_init_led            text8        001098
__end_of_init_timer          text7        001044
__end_of_intit_config        text6        00108C
__end_of_isr                 intcode_body 000F40
__end_of_main                text0        001020
__end_of_read_adc            text2        000F86
__end_of_read_switch         text13       000EF6
__end_of_rpm                 text1        000E8E
__end_of_set_msg_id_std      text15       000FC2
__initialization             cinit        001060
__mediumconst                smallconst   000600
__pbssCOMRAM                 bssCOMRAM    00003A
__pcinit                     cinit        001060
__pcstackCOMRAM              cstackCOMRAM 000001
__pintcode                   intcode      000008
__pintcode_body              intcode_body 000EF6
__psmallconst                smallconst   000600
__ptext0                     text0        000FFC
__ptext1                     text1        000E24
__ptext10                    text10       000FC2
__ptext11                    text11       001044
__ptext12                    text12       000B46
__ptext13                    text13       000E8E
__ptext14                    text14       000DB4
__ptext15                    text15       000F86
__ptext2                     text2        000F40
__ptext3                     text3        000992
__ptext4                     text4        000CAE
__ptext5                     text5        000602
__ptext6                     text6        001076
__ptext7                     text7        001020
__ptext8                     text8        00108C
__ptext9                     text9        001098
__ramtop                     ramtop       000600
__smallconst                 smallconst   000600
_can_transmit                text14       000DB4
_count                       bssCOMRAM    00003A
_indicator                   text12       000B46
_init_adc                    text11       001044
_init_can                    text10       000FC2
_init_digital_keypad         text9        001098
_init_led                    text8        00108C
_init_timer                  text7        001020
_intit_config                text6        001076
_isr                         intcode      000008
_main                        text0        000FFC
_read_adc                    text2        000F40
_read_switch                 text13       000E8E
_rpm                         text1        000E24
_sec                         bssCOMRAM    000040
_set_msg_id_std              text15       000F86
btemp                        temp         000044
can_transmit@data            cstackCOMRAM 000007
can_transmit@i               cstackCOMRAM 00000E
can_transmit@len             cstackCOMRAM 000008
can_transmit@msg_id          cstackCOMRAM 000005
can_transmit@ptr             cstackCOMRAM 00000C
end_of_initialization        cinit        00106C
indicator@flag               bssCOMRAM    00003E
indicator@ind                bssCOMRAM    000042
indicator@key                cstackCOMRAM 000010
int$flags                    temp         000044
int_func                     intcode_body 000EF6
intlevel0                    text         000000
intlevel1                    text         000000
intlevel2                    text         000000
intlevel3                    text         000000
isa$std                      (abs)        000001
isa$xinst                    (abs)        000000
read_adc@channel             cstackCOMRAM 000007
read_adc@reg_val             cstackCOMRAM 000005
read_switch@detection        cstackCOMRAM 000001
read_switch@flag             bssCOMRAM    00003C
rpm@rpm                      cstackCOMRAM 000039
set_msg_id_std@id            cstackCOMRAM 000001
stackhi                      (abs)        000000
stacklo                      (abs)        000000
start                        init         00000E
start_initialization         cinit        001060
ttemp5                       temp         000045
ttemp6                       temp         000048
ttemp7                       temp         00004C
wtemp8                       temp         000045


MODULE INFORMATION

Module		Function		Class		Link	Load	Size
function.c
		_init_led      		CODE           	108C	0000	12
		_read_switch   		CODE           	0E8E	0000	104
		_indicator     		CODE           	0B46	0000	360
		_rpm           		CODE           	0E24	0000	106
		_init_timer    		CODE           	1020	0000	36
		_isr           		CODE           	0008	0000	80
		_init_digital_keypad		CODE           	1098	0000	8

function.c estimated size: 706

adc.c
		_init_adc      		CODE           	1044	0000	28
		_read_adc      		CODE           	0F40	0000	70

adc.c estimated size: 98

C:\Program Files\Microchip\xc8\v3.00\pic\sources\c99\common\sprcdiv.c
		___fldiv       		CODE           	0602	0000	912

C:\Program Files\Microchip\xc8\v3.00\pic\sources\c99\common\sprcdiv.c estimated size: 912

shared
		__initialization		CODE           	1060	0000	12

shared estimated size: 12

C:\Program Files\Microchip\xc8\v3.00\pic\sources\c99\common\xxtofl.c
		___xxtofl      		CODE           	0992	0000	436

C:\Program Files\Microchip\xc8\v3.00\pic\sources\c99\common\xxtofl.c estimated size: 436

can.c
		_set_msg_id_std		CODE           	0F86	0000	60
		_can_transmit  		CODE           	0DB4	0000	112
		_init_can      		CODE           	0FC2	0000	58

can.c estimated size: 230

C:\Program Files\Microchip\xc8\v3.00\pic\sources\c99\common\fltol.c
		___fltol       		CODE           	0CAE	0000	262

C:\Program Files\Microchip\xc8\v3.00\pic\sources\c99\common\fltol.c estimated size: 262

main.c
		_main          		CODE           	0FFC	0000	36
		_intit_config  		CODE           	1076	0000	22

main.c estimated size: 58

